{
    "Meta Data": {
        "1. Information": "Intraday (5min) open, high, low, close prices and volume",
        "2. Symbol": "MSFT",
        "3. Last Refreshed": "2019-03-15 16:00:00",
        "4. Interval": "5min",
        "5. Output Size": "Compact",
        "6. Time Zone": "US/Eastern"
    },
    "Time Series (5min)": {
        "2019-03-15 16:00:00": {
            "1. open": "116.1200",
            "2. high": "116.2700",
            "3. low": "114.6206",
            "4. close": "115.9100",
            "5. volume": "3832330"
        },
        "2019-03-15 15:55:00": {
            "1. open": "116.5000",
            "2. high": "116.5000",
            "3. low": "116.1000",
            "4. close": "116.1100",
            "5. volume": "981099"
        },
        "2019-03-15 15:50:00": {
            "1. open": "116.6300",
            "2. high": "116.6300",
            "3. low": "116.4700",
            "4. close": "116.5049",
            "5. volume": "489732"
        },
        "2019-03-15 15:45:00": {
            "1. open": "116.6900",
            "2. high": "116.8000",
            "3. low": "116.5750",
            "4. close": "116.6200",
            "5. volume": "489352"
        },
        "2019-03-15 15:40:00": {
            "1. open": "116.7400",
            "2. high": "116.7554",
            "3. low": "116.6600",
            "4. close": "116.6850",
            "5. volume": "265830"
        },
        "2019-03-15 15:35:00": {
            "1. open": "116.7100",
            "2. high": "116.7550",
            "3. low": "116.6950",
            "4. close": "116.7300",
            "5. volume": "285071"
        },
        "2019-03-15 15:30:00": {
            "1. open": "116.7542",
            "2. high": "116.7600",
            "3. low": "116.6800",
            "4. close": "116.7200",
            "5. volume": "223641"
        },
        "2019-03-15 15:25:00": {
            "1. open": "116.7000",
            "2. high": "116.7700",
            "3. low": "116.6750",
            "4. close": "116.7500",
            "5. volume": "204814"
        },
        "2019-03-15 15:20:00": {
            "1. open": "116.6900",
            "2. high": "116.7250",
            "3. low": "116.6450",
            "4. close": "116.7070",
            "5. volume": "185901"
        },
        "2019-03-15 15:15:00": {
            "1. open": "116.7500",
            "2. high": "116.7500",
            "3. low": "116.6900",
            "4. close": "116.7000",
            "5. volume": "206421"
        },
        "2019-03-15 15:10:00": {
            "1. open": "116.7600",
            "2. high": "116.8100",
            "3. low": "116.7300",
            "4. close": "116.7417",
            "5. volume": "140266"
        },
        "2019-03-15 15:05:00": {
            "1. open": "116.8050",
            "2. high": "116.8100",
            "3. low": "116.7450",
            "4. close": "116.7600",
            "5. volume": "211919"
        },
        "2019-03-15 15:00:00": {
            "1. open": "116.8900",
            "2. high": "116.9200",
            "3. low": "116.7900",
            "4. close": "116.8050",
            "5. volume": "348322"
        },
        "2019-03-15 14:55:00": {
            "1. open": "116.9237",
            "2. high": "116.9400",
            "3. low": "116.8500",
            "4. close": "116.8900",
            "5. volume": "127582"
        },
        "2019-03-15 14:50:00": {
            "1. open": "116.9200",
            "2. high": "116.9700",
            "3. low": "116.9100",
            "4. close": "116.9200",
            "5. volume": "145078"
        },
        "2019-03-15 14:45:00": {
            "1. open": "116.8800",
            "2. high": "116.9900",
            "3. low": "116.8525",
            "4. close": "116.9300",
            "5. volume": "185850"
        },
        "2019-03-15 14:40:00": {
            "1. open": "116.8700",
            "2. high": "116.8800",
            "3. low": "116.7900",
            "4. close": "116.8750",
            "5. volume": "202623"
        },
        "2019-03-15 14:35:00": {
            "1. open": "116.8250",
            "2. high": "116.9100",
            "3. low": "116.8200",
            "4. close": "116.8600",
            "5. volume": "202933"
        },
        "2019-03-15 14:30:00": {
            "1. open": "116.8100",
            "2. high": "116.9100",
            "3. low": "116.8050",
            "4. close": "116.8250",
            "5. volume": "242562"
        },
        "2019-03-15 14:25:00": {
            "1. open": "116.7900",
            "2. high": "116.8200",
            "3. low": "116.7500",
            "4. close": "116.8200",
            "5. volume": "250260"
        },
        "2019-03-15 14:20:00": {
            "1. open": "116.7900",
            "2. high": "116.8550",
            "3. low": "116.7500",
            "4. close": "116.8000",
            "5. volume": "274072"
        },
        "2019-03-15 14:15:00": {
            "1. open": "116.8600",
            "2. high": "116.8950",
            "3. low": "116.7900",
            "4. close": "116.8000",
            "5. volume": "194645"
        },
        "2019-03-15 14:10:00": {
            "1. open": "116.9500",
            "2. high": "116.9500",
            "3. low": "116.8600",
            "4. close": "116.8750",
            "5. volume": "176720"
        },
        "2019-03-15 14:05:00": {
            "1. open": "116.9650",
            "2. high": "116.9800",
            "3. low": "116.9200",
            "4. close": "116.9479",
            "5. volume": "162942"
        },
        "2019-03-15 14:00:00": {
            "1. open": "117.0400",
            "2. high": "117.0500",
            "3. low": "116.9100",
            "4. close": "116.9613",
            "5. volume": "210217"
        },
        "2019-03-15 13:55:00": {
            "1. open": "117.0454",
            "2. high": "117.0900",
            "3. low": "117.0200",
            "4. close": "117.0450",
            "5. volume": "150670"
        },
        "2019-03-15 13:50:00": {
            "1. open": "117.0300",
            "2. high": "117.0600",
            "3. low": "117.0000",
            "4. close": "117.0450",
            "5. volume": "170402"
        },
        "2019-03-15 13:45:00": {
            "1. open": "117.0793",
            "2. high": "117.0800",
            "3. low": "117.0150",
            "4. close": "117.0350",
            "5. volume": "222521"
        },
        "2019-03-15 13:40:00": {
            "1. open": "117.0950",
            "2. high": "117.1600",
            "3. low": "117.0700",
            "4. close": "117.0700",
            "5. volume": "213829"
        },
        "2019-03-15 13:35:00": {
            "1. open": "116.9600",
            "2. high": "117.0950",
            "3. low": "116.9500",
            "4. close": "117.0900",
            "5. volume": "258071"
        },
        "2019-03-15 13:30:00": {
            "1. open": "117.0132",
            "2. high": "117.0500",
            "3. low": "116.9513",
            "4. close": "116.9700",
            "5. volume": "157740"
        },
        "2019-03-15 13:25:00": {
            "1. open": "117.0351",
            "2. high": "117.0600",
            "3. low": "116.9900",
            "4. close": "117.0150",
            "5. volume": "191602"
        },
        "2019-03-15 13:20:00": {
            "1. open": "116.9600",
            "2. high": "117.0900",
            "3. low": "116.9500",
            "4. close": "117.0350",
            "5. volume": "196413"
        },
        "2019-03-15 13:15:00": {
            "1. open": "116.9200",
            "2. high": "116.9890",
            "3. low": "116.9100",
            "4. close": "116.9700",
            "5. volume": "169110"
        },
        "2019-03-15 13:10:00": {
            "1. open": "116.9600",
            "2. high": "116.9700",
            "3. low": "116.8500",
            "4. close": "116.9250",
            "5. volume": "268915"
        },
        "2019-03-15 13:05:00": {
            "1. open": "116.9800",
            "2. high": "117.0100",
            "3. low": "116.9400",
            "4. close": "116.9600",
            "5. volume": "233634"
        },
        "2019-03-15 13:00:00": {
            "1. open": "117.0800",
            "2. high": "117.0850",
            "3. low": "116.9300",
            "4. close": "116.9700",
            "5. volume": "212680"
        },
        "2019-03-15 12:55:00": {
            "1. open": "117.1300",
            "2. high": "117.2300",
            "3. low": "117.0400",
            "4. close": "117.0800",
            "5. volume": "289602"
        },
        "2019-03-15 12:50:00": {
            "1. open": "117.1100",
            "2. high": "117.1500",
            "3. low": "117.0700",
            "4. close": "117.1300",
            "5. volume": "204703"
        },
        "2019-03-15 12:45:00": {
            "1. open": "117.0767",
            "2. high": "117.1300",
            "3. low": "117.0200",
            "4. close": "117.1150",
            "5. volume": "175918"
        },
        "2019-03-15 12:40:00": {
            "1. open": "117.0800",
            "2. high": "117.1501",
            "3. low": "117.0300",
            "4. close": "117.0750",
            "5. volume": "165050"
        },
        "2019-03-15 12:35:00": {
            "1. open": "117.1600",
            "2. high": "117.1700",
            "3. low": "117.0400",
            "4. close": "117.0800",
            "5. volume": "254900"
        },
        "2019-03-15 12:30:00": {
            "1. open": "117.0350",
            "2. high": "117.1700",
            "3. low": "117.0250",
            "4. close": "117.1517",
            "5. volume": "340355"
        },
        "2019-03-15 12:25:00": {
            "1. open": "117.0450",
            "2. high": "117.1000",
            "3. low": "117.0100",
            "4. close": "117.0900",
            "5. volume": "348412"
        },
        "2019-03-15 12:20:00": {
            "1. open": "117.0358",
            "2. high": "117.0358",
            "3. low": "116.9900",
            "4. close": "116.9950",
            "5. volume": "248650"
        },
        "2019-03-15 12:15:00": {
            "1. open": "116.9550",
            "2. high": "117.0400",
            "3. low": "116.9450",
            "4. close": "117.0400",
            "5. volume": "261843"
        },
        "2019-03-15 12:10:00": {
            "1. open": "116.8200",
            "2. high": "116.9700",
            "3. low": "116.8200",
            "4. close": "116.9700",
            "5. volume": "415004"
        },
        "2019-03-15 12:05:00": {
            "1. open": "116.6950",
            "2. high": "116.7500",
            "3. low": "116.6900",
            "4. close": "116.7350",
            "5. volume": "289021"
        },
        "2019-03-15 12:00:00": {
            "1. open": "116.7400",
            "2. high": "116.7500",
            "3. low": "116.6800",
            "4. close": "116.7300",
            "5. volume": "236358"
        },
        "2019-03-15 11:55:00": {
            "1. open": "116.9100",
            "2. high": "116.9400",
            "3. low": "116.7250",
            "4. close": "116.7450",
            "5. volume": "336322"
        },
        "2019-03-15 11:50:00": {
            "1. open": "116.7400",
            "2. high": "116.9200",
            "3. low": "116.6700",
            "4. close": "116.9100",
            "5. volume": "583094"
        },
        "2019-03-15 11:45:00": {
            "1. open": "116.7400",
            "2. high": "116.8000",
            "3. low": "116.6700",
            "4. close": "116.7400",
            "5. volume": "373247"
        },
        "2019-03-15 11:40:00": {
            "1. open": "116.8700",
            "2. high": "116.9300",
            "3. low": "116.7000",
            "4. close": "116.7341",
            "5. volume": "571044"
        },
        "2019-03-15 11:35:00": {
            "1. open": "117.0150",
            "2. high": "117.0600",
            "3. low": "116.8400",
            "4. close": "116.8700",
            "5. volume": "303176"
        },
        "2019-03-15 11:30:00": {
            "1. open": "116.9500",
            "2. high": "117.0700",
            "3. low": "116.9300",
            "4. close": "117.0136",
            "5. volume": "319537"
        },
        "2019-03-15 11:25:00": {
            "1. open": "116.9100",
            "2. high": "117.0500",
            "3. low": "116.8800",
            "4. close": "116.9450",
            "5. volume": "491390"
        },
        "2019-03-15 11:20:00": {
            "1. open": "116.7400",
            "2. high": "116.9500",
            "3. low": "116.7200",
            "4. close": "116.8950",
            "5. volume": "399814"
        },
        "2019-03-15 11:15:00": {
            "1. open": "116.6400",
            "2. high": "116.7600",
            "3. low": "116.6100",
            "4. close": "116.7450",
            "5. volume": "217619"
        },
        "2019-03-15 11:10:00": {
            "1. open": "116.5550",
            "2. high": "116.6400",
            "3. low": "116.5111",
            "4. close": "116.6350",
            "5. volume": "355568"
        },
        "2019-03-15 11:05:00": {
            "1. open": "116.6750",
            "2. high": "116.6900",
            "3. low": "116.5500",
            "4. close": "116.5500",
            "5. volume": "432241"
        },
        "2019-03-15 11:00:00": {
            "1. open": "116.4400",
            "2. high": "116.7200",
            "3. low": "116.4400",
            "4. close": "116.6700",
            "5. volume": "628495"
        },
        "2019-03-15 10:55:00": {
            "1. open": "116.2550",
            "2. high": "116.4500",
            "3. low": "116.2500",
            "4. close": "116.4400",
            "5. volume": "228571"
        },
        "2019-03-15 10:50:00": {
            "1. open": "116.2950",
            "2. high": "116.4500",
            "3. low": "116.2125",
            "4. close": "116.2450",
            "5. volume": "286514"
        },
        "2019-03-15 10:45:00": {
            "1. open": "116.1400",
            "2. high": "116.2900",
            "3. low": "116.0900",
            "4. close": "116.2900",
            "5. volume": "212061"
        },
        "2019-03-15 10:40:00": {
            "1. open": "116.4000",
            "2. high": "116.4250",
            "3. low": "116.0950",
            "4. close": "116.1316",
            "5. volume": "395940"
        },
        "2019-03-15 10:35:00": {
            "1. open": "116.2100",
            "2. high": "116.4550",
            "3. low": "116.2100",
            "4. close": "116.3900",
            "5. volume": "576234"
        },
        "2019-03-15 10:30:00": {
            "1. open": "116.0400",
            "2. high": "116.2100",
            "3. low": "116.0300",
            "4. close": "116.2050",
            "5. volume": "332961"
        },
        "2019-03-15 10:25:00": {
            "1. open": "115.9501",
            "2. high": "116.1100",
            "3. low": "115.9501",
            "4. close": "116.0400",
            "5. volume": "661253"
        },
        "2019-03-15 10:20:00": {
            "1. open": "115.8299",
            "2. high": "115.9600",
            "3. low": "115.6815",
            "4. close": "115.9600",
            "5. volume": "312564"
        },
        "2019-03-15 10:15:00": {
            "1. open": "115.5650",
            "2. high": "115.8300",
            "3. low": "115.5600",
            "4. close": "115.8200",
            "5. volume": "279637"
        },
        "2019-03-15 10:10:00": {
            "1. open": "115.7700",
            "2. high": "115.8300",
            "3. low": "115.5400",
            "4. close": "115.5690",
            "5. volume": "350884"
        },
        "2019-03-15 10:05:00": {
            "1. open": "115.8400",
            "2. high": "116.0000",
            "3. low": "115.6900",
            "4. close": "115.7700",
            "5. volume": "519832"
        },
        "2019-03-15 10:00:00": {
            "1. open": "115.6450",
            "2. high": "115.8800",
            "3. low": "115.6200",
            "4. close": "115.8500",
            "5. volume": "510842"
        },
        "2019-03-15 09:55:00": {
            "1. open": "115.4600",
            "2. high": "115.6600",
            "3. low": "115.4100",
            "4. close": "115.6500",
            "5. volume": "499578"
        },
        "2019-03-15 09:50:00": {
            "1. open": "115.4300",
            "2. high": "115.4900",
            "3. low": "115.2427",
            "4. close": "115.4507",
            "5. volume": "354646"
        },
        "2019-03-15 09:45:00": {
            "1. open": "115.0500",
            "2. high": "115.4500",
            "3. low": "115.0500",
            "4. close": "115.4250",
            "5. volume": "368624"
        },
        "2019-03-15 09:40:00": {
            "1. open": "114.8300",
            "2. high": "115.1100",
            "3. low": "114.7800",
            "4. close": "115.0500",
            "5. volume": "365851"
        },
        "2019-03-15 09:35:00": {
            "1. open": "115.1600",
            "2. high": "115.3800",
            "3. low": "114.7100",
            "4. close": "114.8400",
            "5. volume": "10282738"
        },
        "2019-03-14 16:00:00": {
            "1. open": "114.9500",
            "2. high": "114.9500",
            "3. low": "114.5600",
            "4. close": "114.5700",
            "5. volume": "1940399"
        },
        "2019-03-14 15:55:00": {
            "1. open": "114.9300",
            "2. high": "115.0500",
            "3. low": "114.9050",
            "4. close": "114.9500",
            "5. volume": "636311"
        },
        "2019-03-14 15:50:00": {
            "1. open": "114.9300",
            "2. high": "114.9400",
            "3. low": "114.8900",
            "4. close": "114.9266",
            "5. volume": "281969"
        },
        "2019-03-14 15:45:00": {
            "1. open": "114.8550",
            "2. high": "114.9600",
            "3. low": "114.8550",
            "4. close": "114.9400",
            "5. volume": "295167"
        },
        "2019-03-14 15:40:00": {
            "1. open": "114.8200",
            "2. high": "114.8900",
            "3. low": "114.8050",
            "4. close": "114.8600",
            "5. volume": "203164"
        },
        "2019-03-14 15:35:00": {
            "1. open": "114.8000",
            "2. high": "114.8700",
            "3. low": "114.7500",
            "4. close": "114.8134",
            "5. volume": "194081"
        },
        "2019-03-14 15:30:00": {
            "1. open": "114.7800",
            "2. high": "114.8200",
            "3. low": "114.7500",
            "4. close": "114.8050",
            "5. volume": "192107"
        },
        "2019-03-14 15:25:00": {
            "1. open": "114.8400",
            "2. high": "114.8400",
            "3. low": "114.7450",
            "4. close": "114.7750",
            "5. volume": "151209"
        },
        "2019-03-14 15:20:00": {
            "1. open": "114.8150",
            "2. high": "114.8500",
            "3. low": "114.7600",
            "4. close": "114.8450",
            "5. volume": "177943"
        },
        "2019-03-14 15:15:00": {
            "1. open": "114.8500",
            "2. high": "114.8700",
            "3. low": "114.7950",
            "4. close": "114.8150",
            "5. volume": "111024"
        },
        "2019-03-14 15:10:00": {
            "1. open": "114.8102",
            "2. high": "114.8700",
            "3. low": "114.8000",
            "4. close": "114.8500",
            "5. volume": "184158"
        },
        "2019-03-14 15:05:00": {
            "1. open": "114.7500",
            "2. high": "114.8250",
            "3. low": "114.7100",
            "4. close": "114.8150",
            "5. volume": "134285"
        },
        "2019-03-14 15:00:00": {
            "1. open": "114.6500",
            "2. high": "114.8000",
            "3. low": "114.6400",
            "4. close": "114.7433",
            "5. volume": "149728"
        },
        "2019-03-14 14:55:00": {
            "1. open": "114.6600",
            "2. high": "114.7300",
            "3. low": "114.5900",
            "4. close": "114.6530",
            "5. volume": "187643"
        },
        "2019-03-14 14:50:00": {
            "1. open": "114.7300",
            "2. high": "114.7700",
            "3. low": "114.6450",
            "4. close": "114.6650",
            "5. volume": "117773"
        },
        "2019-03-14 14:45:00": {
            "1. open": "114.6808",
            "2. high": "114.7469",
            "3. low": "114.6600",
            "4. close": "114.7400",
            "5. volume": "129388"
        },
        "2019-03-14 14:40:00": {
            "1. open": "114.6100",
            "2. high": "114.6900",
            "3. low": "114.5900",
            "4. close": "114.6900",
            "5. volume": "115220"
        },
        "2019-03-14 14:35:00": {
            "1. open": "114.6300",
            "2. high": "114.6400",
            "3. low": "114.6000",
            "4. close": "114.6000",
            "5. volume": "98829"
        },
        "2019-03-14 14:30:00": {
            "1. open": "114.6743",
            "2. high": "114.6900",
            "3. low": "114.5957",
            "4. close": "114.6250",
            "5. volume": "122462"
        },
        "2019-03-14 14:25:00": {
            "1. open": "114.6250",
            "2. high": "114.6866",
            "3. low": "114.6200",
            "4. close": "114.6800",
            "5. volume": "126666"
        },
        "2019-03-14 14:20:00": {
            "1. open": "114.6650",
            "2. high": "114.7000",
            "3. low": "114.5900",
            "4. close": "114.6200",
            "5. volume": "164024"
        },
        "2019-03-14 14:15:00": {
            "1. open": "114.7293",
            "2. high": "114.7500",
            "3. low": "114.6600",
            "4. close": "114.6600",
            "5. volume": "120198"
        }
    }
}